<html>
<body>
<pre>
<h1>µVision Build Log</h1>
<h2>Tool Versions:</h2>
IDE-Version: ¦ÌVision V5.18.0.0
Copyright (C) 2016 ARM Ltd and ARM Germany GmbH. All rights reserved.
License Information: rusher Microsoft, Microsoft, LIC=21EWF-6MBXK-44ESX-HMKT2-4RU71-AHXPB
 
Tool Versions:
Toolchain:       MDK-ARM Standard  Version: 5.18
Toolchain Path:  C:\Keil_v5\ARM\ARMCC\Bin
C Compiler:      Armcc.exe V5.06 update 1 (build 61)
Assembler:       Armasm.exe V5.06 update 1 (build 61)
Linker/Locator:  ArmLink.exe V5.06 update 1 (build 61)
Library Manager: ArmAr.exe V5.06 update 1 (build 61)
Hex Converter:   FromElf.exe V5.06 update 1 (build 61)
CPU DLL:         SARMCM3.DLL V5.18
Dialog DLL:      DLM.DLL V1.24.0.0
Target DLL:      Segger\JL2CM3.dll V2.99.18.0
Dialog DLL:      TLM.DLL V1.22.0.2
 
<h2>Project:</h2>
D:\project\sec\ACH512.uvproj
Project File Date:  05/08/2018

<h2>Output:</h2>
*** Using Compiler 'V5.06 update 1 (build 61)', folder: 'C:\Keil_v5\ARM\ARMCC\Bin'
Build target 'project'
compiling app.c...
APP\secp256k1.h(244): warning:  #1-D: last line of file ends without a newline
  #endif
APP\app.c(116): warning:  #177-D: variable "ret" was declared but never referenced
        int ret = 0;
APP\app.c: 2 warnings, 0 errors
linking...
Program Size: Code=80616 RO-data=1476 RW-data=1152 ZI-data=5896  
FromELF: creating hex file...
".\Out_Files\ACH512.axf" - 0 Error(s), 2 Warning(s).
Build Time Elapsed:  00:00:02
</pre>
</body>
</html>
